stm32f3xx_hal_msp.c:64:6:HAL_MspInit	8	static
stm32f3xx_hal_msp.c:86:6:HAL_I2C_MspInit	40	static
stm32f3xx_hal_msp.c:122:6:HAL_I2C_MspDeInit	8	static
stm32f3xx_hal_msp.c:153:6:HAL_RTC_MspInit	0	static,ignoring_inline_asm
stm32f3xx_hal_msp.c:175:6:HAL_RTC_MspDeInit	0	static,ignoring_inline_asm
stm32f3xx_hal_msp.c:197:6:HAL_UART_MspInit	40	static
stm32f3xx_hal_msp.c:233:6:HAL_UART_MspDeInit	0	static
stm32f3xx_hal_msp.c:262:6:HAL_PCD_MspInit	16	static
stm32f3xx_hal_msp.c:287:6:HAL_PCD_MspDeInit	0	static
