stm32f3xx_hal_rtc.c:723:13:HAL_RTC_MspInit	0	static
stm32f3xx_hal_rtc.c:738:13:HAL_RTC_MspDeInit	0	static
stm32f3xx_hal_rtc.c:1089:6:HAL_RTC_DST_Add1Hour	0	static
stm32f3xx_hal_rtc.c:1104:6:HAL_RTC_DST_Sub1Hour	0	static
stm32f3xx_hal_rtc.c:1119:6:HAL_RTC_DST_SetStoreOperation	0	static
stm32f3xx_hal_rtc.c:1133:6:HAL_RTC_DST_ClearStoreOperation	0	static
stm32f3xx_hal_rtc.c:1146:10:HAL_RTC_DST_ReadStoreOperation	0	static
stm32f3xx_hal_rtc.c:1542:19:HAL_RTC_DeactivateAlarm	16	static
stm32f3xx_hal_rtc.c:1736:13:HAL_RTC_AlarmAEventCallback	0	static
stm32f3xx_hal_rtc.c:1686:6:HAL_RTC_AlarmIRQHandler	8	static
stm32f3xx_hal_rtc.c:1752:19:HAL_RTC_PollForAlarmAEvent	16	static
stm32f3xx_hal_rtc.c:1811:19:HAL_RTC_WaitForSynchro	16	static
stm32f3xx_hal_rtc.c:1855:21:HAL_RTC_GetState	0	static
stm32f3xx_hal_rtc.c:1882:19:RTC_EnterInitMode	16	static
stm32f3xx_hal_rtc.c:280:19:HAL_RTC_Init	16	static
stm32f3xx_hal_rtc.c:400:19:HAL_RTC_DeInit	16	static
stm32f3xx_hal_rtc.c:1912:9:RTC_ByteToBcd2	0	static
stm32f3xx_hal_rtc.c:778:19:HAL_RTC_SetTime	24	static
stm32f3xx_hal_rtc.c:949:19:HAL_RTC_SetDate	24	static
stm32f3xx_hal_rtc.c:1179:19:HAL_RTC_SetAlarm	40	static
stm32f3xx_hal_rtc.c:1360:19:HAL_RTC_SetAlarm_IT	40	static
stm32f3xx_hal_rtc.c:1930:9:RTC_Bcd2ToByte	0	static
stm32f3xx_hal_rtc.c:905:19:HAL_RTC_GetTime	16	static
stm32f3xx_hal_rtc.c:1055:19:HAL_RTC_GetDate	16	static
stm32f3xx_hal_rtc.c:1636:19:HAL_RTC_GetAlarm	24	static
